<html>
<body>
<pre>
<h1>礦ision Build Log</h1>
<h2>Tool Versions:</h2>
IDE-Version: μVision V5.24.2.0
Copyright (C) 2017 ARM Ltd and ARM Germany GmbH. All rights reserved.
License Information: 1 QJM38@outlook.com, 1, LIC=76F5U-SP0VR-Y8MFK-Z2P76-NG09B-DX7EI
 
Tool Versions:
Toolchain:       MDK-ARM Plus  Version: 5.24.1
Toolchain Path:  D:\Keil5\ARM\ARMCC\Bin
C Compiler:      Armcc.exe V5.06 update 5 (build 528)
Assembler:       Armasm.exe V5.06 update 5 (build 528)
Linker/Locator:  ArmLink.exe V5.06 update 5 (build 528)
Library Manager: ArmAr.exe V5.06 update 5 (build 528)
Hex Converter:   FromElf.exe V5.06 update 5 (build 528)
CPU DLL:         SARMCM3.DLL V5.24.1
Dialog DLL:      DCM.DLL V1.16.0.0
Target DLL:      STLink\ST-LINKIII-KEIL_SWO.dll V3.0.1.0
Dialog DLL:      TCM.DLL V1.32.0.0
 
<h2>Project:</h2>
C:\Users\QJM38\Desktop\AK\L4R5HardWare\MDK-ARM\L4R5HardWare.uvprojx
Project File Date:  10/02/2024

<h2>Output:</h2>
*** Using Compiler 'V5.06 update 5 (build 528)', folder: 'D:\Keil5\ARM\ARMCC\Bin'
Rebuild target 'L4R5HardWare'
assembling startup_stm32l4r5xx.s...
compiling stm32l4xx_it.c...
compiling gpio.c...
compiling dma.c...
compiling i2c.c...
compiling stm32l4xx_hal_i2c_ex.c...
compiling stm32l4xx_hal_flash_ex.c...
compiling stm32l4xx_hal_msp.c...
compiling stm32l4xx_hal_i2c.c...
compiling stm32l4xx_hal.c...
compiling spi.c...
compiling stm32l4xx_hal_flash_ramfunc.c...
compiling tim.c...
compiling main.c...
../Core/Src/main.c(204): warning:  #177-D: variable "TIM3_Cnt1"  was declared but never referenced
  	static uint16_t TIM3_Cnt1 = 0;
../Core/Src/main.c: 1 warning, 0 errors
compiling stm32l4xx_hal_flash.c...
compiling stm32l4xx_hal_rcc.c...
compiling stm32l4xx_hal_rcc_ex.c...
compiling stm32l4xx_hal_gpio.c...
compiling stm32l4xx_hal_pwr.c...
compiling stm32l4xx_hal_dma_ex.c...
compiling stm32l4xx_hal_dma.c...
compiling stm32l4xx_hal_spi_ex.c...
compiling stm32l4xx_hal_cortex.c...
compiling lv_disp.c...
compiling lv_event.c...
..\LVGL\src\core\lv_event.c(120): warning:  #188-D: enumerated type mixed with another type
      return e->code & ~LV_EVENT_PREPROCESS;
..\LVGL\src\core\lv_event.c: 1 warning, 0 errors
compiling system_stm32l4xx.c...
compiling stm32l4xx_hal_spi.c...
compiling stm32l4xx_hal_pwr_ex.c...
compiling lv_group.c...
compiling GUI.c...
compiling test.c...
compiling lv_indev.c...
compiling lv_indev_scroll.c...
compiling lv_obj_class.c...
compiling lv_obj_draw.c...
compiling lv_obj.c...
compiling stm32l4xx_hal_exti.c...
compiling lv_obj_pos.c...
compiling lv_obj_scroll.c...
compiling lv_obj_style_gen.c...
compiling lv_obj_tree.c...
compiling lv_obj_style.c...
compiling lv_draw.c...
compiling lv_theme.c...
compiling lv_refr.c...
compiling lv_draw_arc.c...
compiling lv_draw_img.c...
compiling lv_draw_line.c...
compiling lv_draw_label.c...
compiling lv_draw_rect.c...
compiling lv_draw_triangle.c...
compiling lv_draw_mask.c...
compiling lv_img_cache.c...
compiling lv_img_buf.c...
compiling lv_draw_sw.c...
compiling lv_img_decoder.c...
compiling lv_draw_sw_dither.c...
compiling lv_draw_sw_gradient.c...
compiling stm32l4xx_hal_tim.c...
compiling lv_draw_sw_arc.c...
compiling lv_draw_sw_blend.c...
compiling lv_draw_sw_img.c...
compiling lv_draw_sw_letter.c...
compiling lv_draw_sw_polygon.c...
compiling lv_draw_sw_line.c...
compiling lv_draw_sdl.c...
compiling ctpiic.c...
..\HARDWARE\TOUCH\ctpiic.c(78): warning:  #188-D: enumerated type mixed with another type
  	HAL_GPIO_WritePin(
PIOB,
PIO_PIN_5,1);
..\HARDWARE\TOUCH\ctpiic.c(79): warning:  #188-D: enumerated type mixed with another type
  	HAL_GPIO_WritePin(
PIOA,
PIO_PIN_9,1);
..\HARDWARE\TOUCH\ctpiic.c(97): warning:  #188-D: enumerated type mixed with another type
  	HAL_GPIO_WritePin(
PIOA,
PIO_PIN_9,1);	  	  
..\HARDWARE\TOUCH\ctpiic.c(98): warning:  #188-D: enumerated type mixed with another type
  	HAL_GPIO_WritePin(
PIOB,
PIO_PIN_5,1);
..\HARDWARE\TOUCH\ctpiic.c(100): warning:  #188-D: enumerated type mixed with another type
   	HAL_GPIO_WritePin(
PIOA,
PIO_PIN_9,0);//START:when CLK is high,DATA change form high to low 
..\HARDWARE\TOUCH\ctpiic.c(102): warning:  #188-D: enumerated type mixed with another type
  	HAL_GPIO_WritePin(
PIOB,
PIO_PIN_5,0);//钳住I2C总线，准备发送或接收数据 
..\HARDWARE\TOUCH\ctpiic.c(120): warning:  #188-D: enumerated type mixed with another type
  	HAL_GPIO_WritePin(
PIOB,
PIO_PIN_5,0);
..\HARDWARE\TOUCH\ctpiic.c(121): warning:  #188-D: enumerated type mixed with another type
  	HAL_GPIO_WritePin(
PIOA,
PIO_PIN_9,0);
..\HARDWARE\TOUCH\ctpiic.c(123): warning:  #188-D: enumerated type mixed with another type
  	HAL_GPIO_WritePin(
PIOB,
PIO_PIN_5,1);
..\HARDWARE\TOUCH\ctpiic.c(125): warning:  #188-D: enumerated type mixed with another type
  	HAL_GPIO_WritePin(
PIOA,
PIO_PIN_9,1);//STOP:when CLK is high DATA change form low to high 
..\HARDWARE\TOUCH\ctpiic.c(145): warning:  #188-D: enumerated type mixed with another type
  	HAL_GPIO_WritePin(
PIOA,
PIO_PIN_9,1);delay_us(1);	   
..\HARDWARE\TOUCH\ctpiic.c(146): warning:  #188-D: enumerated type mixed with another type
  	HAL_GPIO_WritePin(
PIOB,
PIO_PIN_5,1);delay_us(1);	 
..\HARDWARE\TOUCH\ctpiic.c(156): warning:  #188-D: enumerated type mixed with another type
  	HAL_GPIO_WritePin(
PIOB,
PIO_PIN_5,0);//时钟输出0 	   
..\HARDWARE\TOUCH\ctpiic.c(169): warning:  #188-D: enumerated type mixed with another type
  	HAL_GPIO_WritePin(
PIOB,
PIO_PIN_5,0);
..\HARDWARE\TOUCH\ctpiic.c(175): warning:  #188-D: enumerated type mixed with another type
  	HAL_GPIO_WritePin(
PIOA,
PIO_PIN_9,0);
..\HARDWARE\TOUCH\ctpiic.c(177): warning:  #188-D: enumerated type mixed with another type
  	HAL_GPIO_WritePin(
PIOB,
PIO_PIN_5,1);
..\HARDWARE\TOUCH\ctpiic.c(179): warning:  #188-D: enumerated type mixed with another type
  	HAL_GPIO_WritePin(
PIOB,
PIO_PIN_5,0);
..\HARDWARE\TOUCH\ctpiic.c(191): warning:  #188-D: enumerated type mixed with another type
  	HAL_GPIO_WritePin(
PIOB,
PIO_PIN_5,0);
..\HARDWARE\TOUCH\ctpiic.c(198): warning:  #188-D: enumerated type mixed with another type
  	HAL_GPIO_WritePin(
PIOA,
PIO_PIN_9,1);
..\HARDWARE\TOUCH\ctpiic.c(200): warning:  #188-D: enumerated type mixed with another type
  	HAL_GPIO_WritePin(
PIOB,
PIO_PIN_5,1);
..\HARDWARE\TOUCH\ctpiic.c(202): warning:  #188-D: enumerated type mixed with another type
  	HAL_GPIO_WritePin(
PIOB,
PIO_PIN_5,0);
..\HARDWARE\TOUCH\ctpiic.c(221): warning:  #188-D: enumerated type mixed with another type
    HAL_GPIO_WritePin(
PIOB,
PIO_PIN_5,0);//拉低时钟开始数据传输
..\HARDWARE\TOUCH\ctpiic.c(226): warning:  #188-D: enumerated type mixed with another type
  		HAL_GPIO_WritePin(
PIOB,
PIO_PIN_5,1);
..\HARDWARE\TOUCH\ctpiic.c(228): warning:  #188-D: enumerated type mixed with another type
  		HAL_GPIO_WritePin(
PIOB,
PIO_PIN_5,0);	
..\HARDWARE\TOUCH\ctpiic.c(251): warning:  #188-D: enumerated type mixed with another type
          HAL_GPIO_WritePin(
PIOB,
PIO_PIN_5,0); 	    	   
..\HARDWARE\TOUCH\ctpiic.c(253): warning:  #188-D: enumerated type mixed with another type
  		HAL_GPIO_WritePin(
PIOB,
PIO_PIN_5,1);  
..\HARDWARE\TOUCH\ctpiic.c: 26 warnings, 0 errors
compiling lv_gpu_stm32_dma2d.c...
compiling lcd.c...
..\HARDWARE\LCD\lcd.c(495): warning:  #177-D: variable "i"  was declared but never referenced
  		uint16_t i,j,width,height; 
..\HARDWARE\LCD\lcd.c(495): warning:  #177-D: variable "j"  was declared but never referenced
  		uint16_t i,j,width,height; 
..\HARDWARE\LCD\lcd.c: 2 warnings, 0 errors
compiling lv_draw_sdl_arc.c...
compiling lv_draw_sdl_bg.c...
compiling lv_draw_sdl_composite.c...
compiling stm32l4xx_hal_tim_ex.c...
compiling lv_draw_sw_rect.c...
..\LVGL\src\draw\sw\lv_draw_sw_rect.c(239): warning:  #546-D: transfer of control bypasses initialization of:
            variable "mask_any_center"  (declared at line 286)
          goto bg_clean_up;
          ^
..\LVGL\src\draw\sw\lv_draw_sw_rect.c: 1 warning, 0 errors
compiling lv_draw_sdl_img.c...
compiling lv_draw_sdl_label.c...
compiling lv_draw_sdl_line.c...
compiling lv_draw_sdl_mask.c...
compiling lv_draw_sdl_polygon.c...
compiling lv_draw_sdl_rect.c...
compiling lv_draw_sdl_stack_blur.c...
compiling lv_draw_sdl_texture_cache.c...
compiling lv_draw_sdl_utils.c...
compiling lv_flex.c...
..\LVGL\src\extra\layouts\flex\lv_flex.c(97): warning:  #188-D: enumerated type mixed with another type
      LV_STYLE_FLEX_MAIN_PLACE = lv_style_register_prop() | 
V_STYLE_PROP_LAYOUT_REFR;
..\LVGL\src\extra\layouts\flex\lv_flex.c(98): warning:  #188-D: enumerated type mixed with another type
      LV_STYLE_FLEX_CROSS_PLACE = lv_style_register_prop() | 
V_STYLE_PROP_LAYOUT_REFR;
..\LVGL\src\extra\layouts\flex\lv_flex.c(99): warning:  #188-D: enumerated type mixed with another type
      LV_STYLE_FLEX_TRACK_PLACE = lv_style_register_prop() | 
V_STYLE_PROP_LAYOUT_REFR;
..\LVGL\src\extra\layouts\flex\lv_flex.c: 3 warnings, 0 errors
compiling lv_grid.c...
..\LVGL\src\extra\layouts\grid\lv_grid.c(134): warning:  #188-D: enumerated type mixed with another type
      LV_STYLE_GRID_COLUMN_DSC_ARRAY = lv_style_register_prop() | 
V_STYLE_PROP_LAYOUT_REFR;
..\LVGL\src\extra\layouts\grid\lv_grid.c(135): warning:  #188-D: enumerated type mixed with another type
      LV_STYLE_GRID_ROW_DSC_ARRAY = lv_style_register_prop() | 
V_STYLE_PROP_LAYOUT_REFR;
..\LVGL\src\extra\layouts\grid\lv_grid.c(136): warning:  #188-D: enumerated type mixed with another type
      LV_STYLE_GRID_COLUMN_ALIGN = lv_style_register_prop() | 
V_STYLE_PROP_LAYOUT_REFR;
..\LVGL\src\extra\layouts\grid\lv_grid.c(137): warning:  #188-D: enumerated type mixed with another type
      LV_STYLE_GRID_ROW_ALIGN = lv_style_register_prop() | 
V_STYLE_PROP_LAYOUT_REFR;
..\LVGL\src\extra\layouts\grid\lv_grid.c(139): warning:  #188-D: enumerated type mixed with another type
      LV_STYLE_GRID_CELL_ROW_SPAN = lv_style_register_prop() | 
V_STYLE_PROP_LAYOUT_REFR;
..\LVGL\src\extra\layouts\grid\lv_grid.c(140): warning:  #188-D: enumerated type mixed with another type
      LV_STYLE_GRID_CELL_ROW_POS = lv_style_register_prop() | 
V_STYLE_PROP_LAYOUT_REFR;
..\LVGL\src\extra\layouts\grid\lv_grid.c(141): warning:  #188-D: enumerated type mixed with another type
      LV_STYLE_GRID_CELL_COLUMN_SPAN = lv_style_register_prop() | 
V_STYLE_PROP_LAYOUT_REFR;
..\LVGL\src\extra\layouts\grid\lv_grid.c(142): warning:  #188-D: enumerated type mixed with another type
      LV_STYLE_GRID_CELL_COLUMN_POS = lv_style_register_prop() | 
V_STYLE_PROP_LAYOUT_REFR;
..\LVGL\src\extra\layouts\grid\lv_grid.c(143): warning:  #188-D: enumerated type mixed with another type
      LV_STYLE_GRID_CELL_X_ALIGN = lv_style_register_prop() | 
V_STYLE_PROP_LAYOUT_REFR;
..\LVGL\src\extra\layouts\grid\lv_grid.c(144): warning:  #188-D: enumerated type mixed with another type
      LV_STYLE_GRID_CELL_Y_ALIGN = lv_style_register_prop() | 
V_STYLE_PROP_LAYOUT_REFR;
..\LVGL\src\extra\layouts\grid\lv_grid.c(589): warning:  #188-D: enumerated type mixed with another type
      lv_grid_align_t col_align = get_cell_col_align(item);
..\LVGL\src\extra\layouts\grid\lv_grid.c(590): warning:  #188-D: enumerated type mixed with another type
      lv_grid_align_t row_align = get_cell_row_align(item);
..\LVGL\src\extra\layouts\grid\lv_grid.c: 12 warnings, 0 errors
compiling lv_bmp.c...
compiling lv_ffmpeg.c...
compiling lv_freetype.c...
compiling lv_fs_fatfs.c...
compiling lv_fs_posix.c...
compiling gifdec.c...
compiling lv_fs_stdio.c...
compiling lv_fs_win32.c...
compiling lv_gif.c...
compiling lodepng.c...
compiling lv_png.c...
compiling tjpgd.c...
compiling lv_gridnav.c...
compiling lv_qrcode.c...
compiling lv_rlottie.c...
compiling qrcodegen.c...
..\LVGL\src\extra\libs\qrcode\qrcodegen.c(278): warning:  #188-D: enumerated type mixed with another type
  	applyMask(tempBuffer, qrcode, mask);
..\LVGL\src\extra\libs\qrcode\qrcodegen.c(279): warning:  #188-D: enumerated type mixed with another type
  	drawFormatBits(ecl, mask, qrcode);
..\LVGL\src\extra\libs\qrcode\qrcodegen.c: 2 warnings, 0 errors
compiling lv_sjpg.c...
compiling lv_snapshot.c...
compiling lv_monkey.c...
compiling lv_theme_basic.c...
compiling lv_animimg.c...
compiling lv_calendar_header_arrow.c...
compiling lv_theme_mono.c...
compiling lv_calendar.c...
compiling lv_calendar_header_dropdown.c...
compiling lv_theme_default.c...
..\LVGL\src\extra\themes\default\lv_theme_default.c(213): warning:  #188-D: enumerated type mixed with another type
..\LVGL\src\extra\themes\default\lv_theme_default.c: 1 warning, 0 errors
compiling lv_keyboard.c...
compiling lv_imgbtn.c...
compiling lv_colorwheel.c...
compiling lv_list.c...
compiling lv_led.c...
compiling lv_chart.c...
compiling lv_menu.c...
compiling lv_msgbox.c...
compiling lv_meter.c...
compiling lv_spinbox.c...
compiling lv_spinner.c...
compiling lv_tileview.c...
compiling lv_span.c...
..\LVGL\src\extra\widgets\span\lv_span.c(881): warning:  #546-D: transfer of control bypasses initialization of:
            variable "align"  (declared at line 885)
              goto Next_line_init;
              ^
..\LVGL\src\extra\widgets\span\lv_span.c: 1 warning, 0 errors
compiling lv_tabview.c...
compiling lv_font.c...
compiling lv_win.c...
compiling lv_extra.c...
compiling lv_font_fmt_txt.c...
..\LVGL\src\font\lv_font_fmt_txt.c(137): warning:  #111-D: statement is unreachable
      return NULL;
..\LVGL\src\font\lv_font_fmt_txt.c: 1 warning, 0 errors
compiling lv_font_dejavu_16_persian_hebrew.c...
compiling lv_font_montserrat_8.c...
compiling lv_font_loader.c...
compiling lv_font_montserrat_10.c...
compiling lv_font_montserrat_12.c...
compiling lv_font_montserrat_12_subpx.c...
compiling lv_font_montserrat_14.c...
compiling lv_font_montserrat_16.c...
compiling lv_font_montserrat_18.c...
compiling lv_font_montserrat_20.c...
compiling lv_font_montserrat_22.c...
compiling lv_font_montserrat_24.c...
compiling lv_font_montserrat_26.c...
compiling lv_font_montserrat_28.c...
compiling lv_font_montserrat_28_compressed.c...
compiling lv_font_montserrat_30.c...
compiling lv_font_montserrat_32.c...
compiling lv_font_montserrat_34.c...
compiling lv_font_montserrat_36.c...
compiling lv_font_montserrat_38.c...
compiling lv_font_montserrat_40.c...
compiling lv_font_montserrat_42.c...
compiling lv_font_montserrat_44.c...
compiling lv_font_montserrat_46.c...
compiling lv_font_montserrat_48.c...
compiling lv_font_simsun_16_cjk.c...
compiling lv_font_unscii_8.c...
compiling lv_font_unscii_16.c...
compiling lv_hal_tick.c...
compiling lv_hal_indev.c...
compiling lv_hal_disp.c...
..\LVGL\src\hal\lv_hal_disp.c(573): warning:  #188-D: enumerated type mixed with another type
      return disp->driver->rotated;
..\LVGL\src\hal\lv_hal_disp.c: 1 warning, 0 errors
compiling lv_anim.c...
compiling lv_anim_timeline.c...
compiling lv_area.c...
compiling lv_async.c...
compiling lv_bidi.c...
compiling lv_color.c...
compiling lv_gc.c...
compiling ft6336.c...
compiling lv_fs.c...
compiling lv_ll.c...
compiling lv_log.c...
compiling lv_lru.c...
..\LVGL\src\misc\lv_lru.c(313): warning:  #68-D: integer conversion resulted in a change of sign
      uint32_t i = 0, min_index = -1;
..\LVGL\src\misc\lv_lru.c(314): warning:  #68-D: integer conversion resulted in a change of sign
      uint64_t min_access_count = -1;
..\LVGL\src\misc\lv_lru.c: 2 warnings, 0 errors
compiling lv_math.c...
compiling lv_mem.c...
..\LVGL\src\misc\lv_mem.c(311): warning:  #111-D: statement is unreachable
      return NULL;
..\LVGL\src\misc\lv_mem.c: 1 warning, 0 errors
compiling lv_printf.c...
compiling lv_style.c...
..\LVGL\src\misc\lv_style.c(74): warning:  #188-D: enumerated type mixed with another type
      return act_id;
..\LVGL\src\misc\lv_style.c: 1 warning, 0 errors
compiling lv_templ.c...
compiling lv_style_gen.c...
compiling touch.c...
compiling lv_timer.c...
compiling lv_tlsf.c...
..\LVGL\src\misc\lv_tlsf.c(898): warning:  #68-D: integer conversion resulted in a change of sign
          offset_to_block(pool, -(int)block_header_overhead);
..\LVGL\src\misc\lv_tlsf.c(1000): warning:  #68-D: integer conversion resulted in a change of sign
      block = offset_to_block(mem, -(tlsfptr_t)block_header_overhead);
..\LVGL\src\misc\lv_tlsf.c(1018): warning:  #68-D: integer conversion resulted in a change of sign
      block_header_t * block = offset_to_block(pool, -(int)block_header_overhead);
..\LVGL\src\misc\lv_tlsf.c: 3 warnings, 0 errors
compiling lv_txt.c...
compiling lv_txt_ap.c...
compiling lv_utils.c...
compiling delay.c...
compiling sys.c...
compiling lv_arc.c...
compiling lv_btn.c...
compiling lv_bar.c...
compiling lv_checkbox.c...
compiling lv_btnmatrix.c...
compiling lv_canvas.c...
compiling lv_dropdown.c...
compiling lv_line.c...
compiling lv_img.c...
compiling lv_objx_templ.c...
compiling lv_label.c...
compiling lv_switch.c...
compiling lv_roller.c...
compiling lv_slider.c...
compiling lv_port_fs_template.c...
compiling lv_table.c...
compiling lv_textarea.c...
compiling lv_demo_stress.c...
..\LVGL\demos\stress\lv_demo_stress.c(64): warning:  #546-D: transfer of control bypasses initialization of:
            variable "scale"  (declared at line 242)
            variable "msgbox_tmr"  (declared at line 251)
      switch(state) {
      ^
..\LVGL\demos\stress\lv_demo_stress.c: 1 warning, 0 errors
compiling img_clothes.c...
compiling img_lvgl_logo.c...
compiling img_demo_widgets_avatar.c...
compiling lv_demo_widgets.c...
..\LVGL\demos\widgets\lv_demo_widgets.c(1065): warning:  #188-D: enumerated type mixed with another type
          lv_palette_t palette_secondary = (*palette_primary) + 3; /*Use another palette as secondary*/
..\LVGL\demos\widgets\lv_demo_widgets.c(1066): warning:  #188-D: enumerated type mixed with another type
          if(palette_secondary >= _LV_PALETTE_LAST) palette_secondary = 0;
..\LVGL\demos\widgets\lv_demo_widgets.c: 2 warnings, 0 errors
compiling lv_port_indev_template.c...
compiling lv_port_disp_template.c...
..\LVGL\examples\porting\lv_port_disp_template.c(108): warning:  #223-D: function "LCD_WR_REG" declared implicitly
  	LCD_WR_REG(0x2a);//列地址设置
..\LVGL\examples\porting\lv_port_disp_template.c(109): warning:  #223-D: function "LCD_WR_DATA" declared implicitly
  	LCD_WR_DATA(x1);
..\LVGL\examples\porting\lv_port_disp_template.c(126): warning:  #177-D: variable "y"  was declared but never referenced
  	uint32_t y=0;
..\LVGL\examples\porting\lv_port_disp_template.c: 3 warnings, 0 errors
linking...
Program Size: Code=173268 RO-data=132232 RW-data=980 ZI-data=495100  
FromELF: creating hex file...
"L4R5HardWare\L4R5HardWare.axf" - 0 Error(s), 65 Warning(s).

<h2>Software Packages used:</h2>

Package Vendor: ARM
                http://www.keil.com/pack/ARM.CMSIS.5.9.0.pack
                ARM.CMSIS.5.9.0
                CMSIS (Common Microcontroller Software Interface Standard)
   * Component: CORE Version: 5.6.0

Package Vendor: Keil
                https://www.keil.com/pack/Keil.STM32L4xx_DFP.2.6.2.pack
                Keil.STM32L4xx_DFP.2.6.2
                STMicroelectronics STM32L4 Series Device Support, Drivers and Examples

<h2>Collection of Component include folders:</h2>
  .\RTE\_L4R5HardWare
  D:\Keil5\ARM\PACK\ARM\CMSIS\5.9.0\CMSIS\Core\Include
  D:\Keil5\ARM\PACK\Keil\STM32L4xx_DFP\2.6.2\Drivers\CMSIS\Device\ST\STM32L4xx\Include

<h2>Collection of Component Files used:</h2>

   * Component: ARM::CMSIS:CORE:5.6.0
      Include file:  CMSIS\Core\Include\tz_context.h
Build Time Elapsed:  00:01:10
</pre>
</body>
</html>
